mvn : WARNING: A 
terminally deprecated 
method in 
sun.misc.Unsafe has 
been called
At line:1 char:1
+ mvn test 
-Dtest=MatchServiceTest 
> test_output.txt 2>&1
+ ~~~~~~~~~~~~~~~~~~~~~~
~~~~~~~~~~~~~~~~~~~~~~~~
~~~~~~~~~
    + CategoryInfo      
        : NotSpecified  
  : (WARNING: A term.   
 ..has been called:S    
tring) [], RemoteEx    
ception
    + FullyQualifiedErr 
   orId : NativeComman  
  dError
 
WARNING: sun.misc.Unsafe
::staticFieldBase has 
been called by com.googl
e.inject.internal.aop.Hi
ddenClassDefiner (file:/
C:/Program%20Files/Apach
e/apache-maven-3.9.11/li
b/guice-5.1.0-classes.ja
r)
WARNING: Please 
consider reporting this 
to the maintainers of 
class com.google.inject.
internal.aop.HiddenClass
Definer
WARNING: sun.misc.Unsafe
::staticFieldBase will 
be removed in a future 
release
[INFO] Scanning for projects...
[INFO] 
[INFO] ------------------< com.careercompass:career-compass >------------------
[INFO] Building career-compass 0.0.1-SNAPSHOT
[INFO]   from pom.xml
[INFO] --------------------------------[ jar ]---------------------------------
[INFO] 
[INFO] --- resources:3.3.1:resources (default-resources) @ career-compass ---
[INFO] Copying 1 resource from src\main\resources to target\classes
[INFO] Copying 35 resources from src\main\resources to target\classes
[INFO] 
[INFO] --- compiler:3.13.0:compile (default-compile) @ career-compass ---
[INFO] Nothing to compile - all classes are up to date.
[INFO] 
[INFO] --- resources:3.3.1:testResources (default-testResources) @ career-compass ---
[INFO] skip non existing resourceDirectory D:\career_campass\src\test\resources
[INFO] 
[INFO] --- compiler:3.13.0:testCompile (default-testCompile) @ career-compass ---
[INFO] Nothing to compile - all classes are up to date.
[INFO] 
[INFO] --- surefire:3.2.5:test (default-test) @ career-compass ---
[INFO] Using auto detected provider org.apache.maven.surefire.junitplatform.JUnitPlatformProvider
[INFO] 
[INFO] -------------------------------------------------------
[INFO]  T E S T S
[INFO] -------------------------------------------------------
[INFO] Running com.careercompass.careercompass.service.MatchServiceTest
WARNING: A Java agent 
has been loaded 
dynamically (C:\Users\As
us\.m2\repository\net\by
tebuddy\byte-buddy-agent
\1.14.16\byte-buddy-agen
t-1.14.16.jar)
WARNING: If a 
serviceability tool is 
in use, please run with 
-XX:+EnableDynamicAgentL
oading to hide this 
warning
WARNING: If a 
serviceability tool is 
not in use, please run 
with -Djdk.instrument.tr
aceUsage for more 
information
WARNING: Dynamic 
loading of agents will 
be disallowed by 
default in a future 
release
Java HotSpot(TM) 64-Bit 
Server VM warning: 
Sharing is only 
supported for boot 
loader classes because 
bootstrap classpath has 
been appended
WARNING: A terminally 
deprecated method in 
sun.misc.Unsafe has 
been called
WARNING: sun.misc.Unsafe
::objectFieldOffset has 
been called by net.byteb
uddy.dynamic.loading.Cla
ssInjector$UsingUnsafe$D
ispatcher$CreationAction
 (file:/C:/Users/Asus/.m
2/repository/net/bytebud
dy/byte-buddy/1.14.16/by
te-buddy-1.14.16.jar)
WARNING: Please 
consider reporting this 
to the maintainers of 
class net.bytebuddy.dyna
mic.loading.ClassInjecto
r$UsingUnsafe$Dispatcher
$CreationAction
WARNING: sun.misc.Unsafe
::objectFieldOffset 
will be removed in a 
future release

=== ? Deep Analysis Engine Started ===
? JD Length: 9 chars
? Resume Length: 11 chars
00:17:40.285 [main] INFO com.careercompass.careercompass.service.MatchService -- === Optimized Analysis with Batch Embeddings Started ===
00:17:40.287 [main] INFO com.careercompass.careercompass.service.MatchService -- === Optimized ATS Engine: Starting Deep Analysis ===
00:17:40.291 [main] INFO com.careercompass.careercompass.service.MatchService -- ? Pre-calculating embeddings for 4 priority ATS keywords...
00:17:40.293 [main] INFO com.careercompass.careercompass.service.MatchService -- ? Calculating ATS-Style Weighted Scoring (REVISED)...
00:17:40.297 [main] INFO com.careercompass.careercompass.service.MatchService -- ? Calculating Criticality-Weighted Hard Skills...
00:17:40.297 [main] INFO com.careercompass.careercompass.service.MatchService --    - Mandatory Skills: 0/1 (0.00%)
00:17:40.297 [main] INFO com.careercompass.careercompass.service.MatchService --    - Preferred Skills: 0/0 (50.00%)
00:17:40.298 [main] INFO com.careercompass.careercompass.service.MatchService --    - Hard Skills: 15.00% (Weight 60%)
00:17:40.298 [main] INFO com.careercompass.careercompass.service.MatchService --    - Job Title: 50.00% (Weight 15%)
00:17:40.298 [main] INFO com.careercompass.careercompass.service.MatchService --    - Education: 100.00% (Weight 15%)
00:17:40.298 [main] INFO com.careercompass.careercompass.service.MatchService --    - Semantic: 50.00% (Weight 10%)
00:17:40.298 [main] INFO com.careercompass.careercompass.service.MatchService --    - CRITICAL: Missing 1 mandatory skill(s): java
00:17:40.298 [main] INFO com.careercompass.careercompass.service.MatchService -- ? Final ATS Match Score: 31.0% (Penalty Applied: 15%)
00:17:40.299 [main] INFO com.careercompass.careercompass.service.MatchService -- === Analysis Complete: Score = 31.0 ===

=== ? Deep Analysis Engine Started ===
? JD Length: 72 chars
? Resume Length: 30 chars
00:17:40.319 [main] INFO com.careercompass.careercompass.service.MatchService -- === Optimized Analysis with Batch Embeddings Started ===
00:17:40.319 [main] INFO com.careercompass.careercompass.service.MatchService -- === Optimized ATS Engine: Starting Deep Analysis ===
00:17:40.319 [main] INFO com.careercompass.careercompass.service.MatchService -- ? Pre-calculating embeddings for 6 priority ATS keywords...
00:17:40.320 [main] INFO com.careercompass.careercompass.service.MatchService -- ? Calculating ATS-Style Weighted Scoring (REVISED)...
00:17:40.321 [main] INFO com.careercompass.careercompass.service.MatchService -- ? Calculating Criticality-Weighted Hard Skills...
00:17:40.321 [main] INFO com.careercompass.careercompass.service.MatchService --    - Mandatory Skills: 1/1 (100.00%)
00:17:40.321 [main] INFO com.careercompass.careercompass.service.MatchService --    - Preferred Skills: 0/0 (50.00%)
00:17:40.321 [main] INFO com.careercompass.careercompass.service.MatchService --    - Hard Skills: 85.00% (Weight 60%)
00:17:40.321 [main] INFO com.careercompass.careercompass.service.MatchService --    - Job Title: 100.00% (Weight 15%)
00:17:40.321 [main] INFO com.careercompass.careercompass.service.MatchService --    - Education: 100.00% (Weight 15%)
00:17:40.321 [main] INFO com.careercompass.careercompass.service.MatchService --    - Semantic: 50.00% (Weight 10%)
00:17:40.321 [main] INFO com.careercompass.careercompass.service.MatchService -- ? Final ATS Match Score: 86.0% (Penalty Applied: 0%)

=== ? Deep Analysis Engine Started ===
? JD Length: 39 chars
? Resume Length: 20 chars
00:17:40.349 [main] INFO com.careercompass.careercompass.service.MatchService -- === Optimized Analysis with Batch Embeddings Started ===
00:17:40.349 [main] INFO com.careercompass.careercompass.service.MatchService -- === Optimized ATS Engine: Starting Deep Analysis ===
00:17:40.349 [main] INFO com.careercompass.careercompass.service.MatchService -- ? Pre-calculating embeddings for 6 priority ATS keywords...
00:17:40.349 [main] INFO com.careercompass.careercompass.service.MatchService -- ? Calculating ATS-Style Weighted Scoring (REVISED)...
00:17:40.350 [main] INFO com.careercompass.careercompass.service.MatchService -- ? Calculating Criticality-Weighted Hard Skills...
00:17:40.350 [main] INFO com.careercompass.careercompass.service.MatchService --    - Mandatory Skills: 1/1 (100.00%)
00:17:40.350 [main] INFO com.careercompass.careercompass.service.MatchService --    - Preferred Skills: 0/0 (50.00%)
00:17:40.351 [main] INFO com.careercompass.careercompass.service.MatchService --    - Hard Skills: 85.00% (Weight 60%)
00:17:40.351 [main] INFO com.careercompass.careercompass.service.MatchService --    - Job Title: 100.00% (Weight 15%)
00:17:40.351 [main] INFO com.careercompass.careercompass.service.MatchService --    - Education: 100.00% (Weight 15%)
00:17:40.351 [main] INFO com.careercompass.careercompass.service.MatchService --    - Semantic: 50.00% (Weight 10%)
00:17:40.351 [main] INFO com.careercompass.careercompass.service.MatchService -- ? Final ATS Match Score: 86.0% (Penalty Applied: 0%)

=== ? Deep Analysis Engine Started ===
? JD Length: 36 chars
? Resume Length: 32 chars
00:17:40.358 [main] INFO com.careercompass.careercompass.service.MatchService -- === Optimized Analysis with Batch Embeddings Started ===
00:17:40.358 [main] INFO com.careercompass.careercompass.service.MatchService -- === Optimized ATS Engine: Starting Deep Analysis ===
00:17:40.358 [main] INFO com.careercompass.careercompass.service.MatchService -- ? Pre-calculating embeddings for 4 priority ATS keywords...
00:17:40.358 [main] INFO com.careercompass.careercompass.service.MatchService -- ? Calculating ATS-Style Weighted Scoring (REVISED)...
00:17:40.358 [main] INFO com.careercompass.careercompass.service.MatchService -- ? Calculating Criticality-Weighted Hard Skills...
00:17:40.359 [main] INFO com.careercompass.careercompass.service.MatchService --    - Mandatory Skills: 0/1 (0.00%)
00:17:40.359 [main] INFO com.careercompass.careercompass.service.MatchService --    - Preferred Skills: 0/0 (50.00%)
00:17:40.359 [main] INFO com.careercompass.careercompass.service.MatchService --    - Hard Skills: 15.00% (Weight 60%)
00:17:40.359 [main] INFO com.careercompass.careercompass.service.MatchService --    - Job Title: 50.00% (Weight 15%)
00:17:40.359 [main] INFO com.careercompass.careercompass.service.MatchService --    - Education: 100.00% (Weight 15%)
00:17:40.359 [main] INFO com.careercompass.careercompass.service.MatchService --    - Semantic: 50.00% (Weight 10%)
00:17:40.359 [main] INFO com.careercompass.careercompass.service.MatchService --    - CRITICAL: Missing 1 mandatory skill(s): java
00:17:40.359 [main] INFO com.careercompass.careercompass.service.MatchService -- ? Final ATS Match Score: 31.0% (Penalty Applied: 15%)
00:17:40.359 [main] INFO com.careercompass.careercompass.service.MatchService -- === Analysis Complete: Score = 31.0 ===

=== ? Deep Analysis Engine Started ===
? JD Length: 72 chars
? Resume Length: 73 chars
00:17:40.369 [main] INFO com.careercompass.careercompass.service.MatchService -- === Optimized Analysis with Batch Embeddings Started ===
00:17:40.369 [main] INFO com.careercompass.careercompass.service.MatchService -- === Optimized ATS Engine: Starting Deep Analysis ===
00:17:40.369 [main] INFO com.careercompass.careercompass.service.MatchService -- ? Pre-calculating embeddings for 6 priority ATS keywords...
00:17:40.369 [main] INFO com.careercompass.careercompass.service.MatchService -- ? Calculating ATS-Style Weighted Scoring (REVISED)...
00:17:40.369 [main] INFO com.careercompass.careercompass.service.MatchService -- ? Calculating Criticality-Weighted Hard Skills...
00:17:40.371 [main] INFO com.careercompass.careercompass.service.MatchService --    - Mandatory Skills: 1/1 (100.00%)
00:17:40.371 [main] INFO com.careercompass.careercompass.service.MatchService --    - Preferred Skills: 0/0 (50.00%)
00:17:40.371 [main] INFO com.careercompass.careercompass.service.MatchService --    - Hard Skills: 85.00% (Weight 60%)
00:17:40.371 [main] INFO com.careercompass.careercompass.service.MatchService --    - Job Title: 100.00% (Weight 15%)
00:17:40.371 [main] INFO com.careercompass.careercompass.service.MatchService --    - Education: 100.00% (Weight 15%)
00:17:40.371 [main] INFO com.careercompass.careercompass.service.MatchService --    - Semantic: 50.00% (Weight 10%)
00:17:40.371 [main] INFO com.careercompass.careercompass.service.MatchService -- ? Final ATS Match Score: 86.0% (Penalty Applied: 0%)

=== ? Deep Analysis Engine Started ===
? JD Length: 16 chars
? Resume Length: 9 chars
00:17:40.378 [main] INFO com.careercompass.careercompass.service.MatchService -- === Optimized Analysis with Batch Embeddings Started ===
00:17:40.378 [main] INFO com.careercompass.careercompass.service.MatchService -- === Optimized ATS Engine: Starting Deep Analysis ===
00:17:40.378 [main] INFO com.careercompass.careercompass.service.MatchService -- ? Pre-calculating embeddings for 3 priority ATS keywords...
00:17:40.379 [main] INFO com.careercompass.careercompass.service.MatchService -- ? Calculating ATS-Style Weighted Scoring (REVISED)...
00:17:40.379 [main] INFO com.careercompass.careercompass.service.MatchService -- ? Calculating Criticality-Weighted Hard Skills...
00:17:40.379 [main] INFO com.careercompass.careercompass.service.MatchService --    - Mandatory Skills: 0/1 (0.00%)
00:17:40.379 [main] INFO com.careercompass.careercompass.service.MatchService --    - Preferred Skills: 0/0 (50.00%)
00:17:40.379 [main] INFO com.careercompass.careercompass.service.MatchService --    - Hard Skills: 15.00% (Weight 60%)
00:17:40.379 [main] INFO com.careercompass.careercompass.service.MatchService --    - Job Title: 50.00% (Weight 15%)
00:17:40.379 [main] INFO com.careercompass.careercompass.service.MatchService --    - Education: 100.00% (Weight 15%)
00:17:40.379 [main] INFO com.careercompass.careercompass.service.MatchService --    - Semantic: 50.00% (Weight 10%)
00:17:40.379 [main] INFO com.careercompass.careercompass.service.MatchService --    - CRITICAL: Missing 1 mandatory skill(s): java
00:17:40.379 [main] INFO com.careercompass.careercompass.service.MatchService -- ? Final ATS Match Score: 31.0% (Penalty Applied: 15%)
00:17:40.379 [main] INFO com.careercompass.careercompass.service.MatchService -- === Analysis Complete: Score = 31.0 ===

=== ? Deep Analysis Engine Started ===
? JD Length: 16 chars
? Resume Length: 9 chars
00:17:40.380 [main] INFO com.careercompass.careercompass.service.MatchService -- === Optimized Analysis with Batch Embeddings Started ===
00:17:40.380 [main] INFO com.careercompass.careercompass.service.MatchService -- === Optimized ATS Engine: Starting Deep Analysis ===
00:17:40.380 [main] INFO com.careercompass.careercompass.service.MatchService -- ? Pre-calculating embeddings for 3 priority ATS keywords...
00:17:40.380 [main] INFO com.careercompass.careercompass.service.MatchService -- ? Calculating ATS-Style Weighted Scoring (REVISED)...
00:17:40.380 [main] INFO com.careercompass.careercompass.service.MatchService -- ? Calculating Criticality-Weighted Hard Skills...
00:17:40.382 [main] INFO com.careercompass.careercompass.service.MatchService --    - Mandatory Skills: 1/1 (100.00%)
00:17:40.382 [main] INFO com.careercompass.careercompass.service.MatchService --    - Preferred Skills: 0/0 (50.00%)
00:17:40.383 [main] INFO com.careercompass.careercompass.service.MatchService --    - Hard Skills: 85.00% (Weight 60%)
00:17:40.383 [main] INFO com.careercompass.careercompass.service.MatchService --    - Job Title: 50.00% (Weight 15%)
00:17:40.383 [main] INFO com.careercompass.careercompass.service.MatchService --    - Education: 100.00% (Weight 15%)
00:17:40.383 [main] INFO com.careercompass.careercompass.service.MatchService --    - Semantic: 50.00% (Weight 10%)
00:17:40.383 [main] INFO com.careercompass.careercompass.service.MatchService -- ? Final ATS Match Score: 79.0% (Penalty Applied: 0%)
00:17:40.383 [main] INFO com.careercompass.careercompass.service.MatchService -- === Analysis Complete: Score = 79.0 ===
[ERROR] Tests run: 8, Failures: 0, Errors: 3, Skipped: 0, Time elapsed: 0.971 s <<< FAILURE! -- in com.careercompass.careercompass.service.MatchServiceTest
[ERROR] com.careercompass.careercompass.service.MatchServiceTest.testAnalyze_PerfectMatch -- Time elapsed: 0.013 s <<< ERROR!
java.lang.NullPointerException: Cannot invoke "String.toLowerCase()" because "skill" is null
	at com.careercompass.careercompass.service.MatchService.lambda$analyze$0(MatchService.java:506)
	at java.base/java.util.stream.ReferencePipeline$2$1.accept(ReferencePipeline.java:196)
	at java.base/java.util.ArrayList$ArrayListSpliterator.forEachRemaining(ArrayList.java:1716)
	at java.base/java.util.stream.AbstractPipeline.copyInto(AbstractPipeline.java:570)
	at java.base/java.util.stream.AbstractPipeline.wrapAndCopyInto(AbstractPipeline.java:560)
	at java.base/java.util.stream.ReduceOps$ReduceOp.evaluateSequential(ReduceOps.java:921)
	at java.base/java.util.stream.AbstractPipeline.evaluate(AbstractPipeline.java:265)
	at java.base/java.util.stream.ReferencePipeline.collect(ReferencePipeline.java:723)
	at com.careercompass.careercompass.service.MatchService.analyze(MatchService.java:508)
	at com.careercompass.careercompass.service.MatchServiceTest.testAnalyze_PerfectMatch(MatchServiceTest.java:77)
	at java.base/java.lang.reflect.Method.invoke(Method.java:565)
	at java.base/java.util.ArrayList.forEach(ArrayList.java:1604)
	at java.base/java.util.ArrayList.forEach(ArrayList.java:1604)

[ERROR] com.careercompass.careercompass.service.MatchServiceTest.testAnalyze_CorrelatedSkills -- Time elapsed: 0.011 s <<< ERROR!
java.lang.NullPointerException: Cannot invoke "String.toLowerCase()" because "skill" is null
	at com.careercompass.careercompass.service.MatchService.lambda$analyze$0(MatchService.java:506)
	at java.base/java.util.stream.ReferencePipeline$2$1.accept(ReferencePipeline.java:196)
	at java.base/java.util.ArrayList$ArrayListSpliterator.forEachRemaining(ArrayList.java:1716)
	at java.base/java.util.stream.AbstractPipeline.copyInto(AbstractPipeline.java:570)
	at java.base/java.util.stream.AbstractPipeline.wrapAndCopyInto(AbstractPipeline.java:560)
	at java.base/java.util.stream.ReduceOps$ReduceOp.evaluateSequential(ReduceOps.java:921)
	at java.base/java.util.stream.AbstractPipeline.evaluate(AbstractPipeline.java:265)
	at java.base/java.util.stream.ReferencePipeline.collect(ReferencePipeline.java:723)
	at com.careercompass.careercompass.service.MatchService.analyze(MatchService.java:508)
	at com.careercompass.careercompass.service.MatchServiceTest.testAnalyze_CorrelatedSkills(MatchServiceTest.java:131)
	at java.base/java.lang.reflect.Method.invoke(Method.java:565)
	at java.base/java.util.ArrayList.forEach(ArrayList.java:1604)
	at java.base/java.util.ArrayList.forEach(ArrayList.java:1604)

[ERROR] com.careercompass.careercompass.service.MatchServiceTest.testAnalyze_Success -- Time elapsed: 0.005 s <<< ERROR!
java.lang.NullPointerException: Cannot invoke "String.toLowerCase()" because "skill" is null
	at com.careercompass.careercompass.service.MatchService.lambda$analyze$0(MatchService.java:506)
	at java.base/java.util.stream.ReferencePipeline$2$1.accept(ReferencePipeline.java:196)
	at java.base/java.util.ArrayList$ArrayListSpliterator.forEachRemaining(ArrayList.java:1716)
	at java.base/java.util.stream.AbstractPipeline.copyInto(AbstractPipeline.java:570)
	at java.base/java.util.stream.AbstractPipeline.wrapAndCopyInto(AbstractPipeline.java:560)
	at java.base/java.util.stream.ReduceOps$ReduceOp.evaluateSequential(ReduceOps.java:921)
	at java.base/java.util.stream.AbstractPipeline.evaluate(AbstractPipeline.java:265)
	at java.base/java.util.stream.ReferencePipeline.collect(ReferencePipeline.java:723)
	at com.careercompass.careercompass.service.MatchService.analyze(MatchService.java:508)
	at com.careercompass.careercompass.service.MatchServiceTest.testAnalyze_Success(MatchServiceTest.java:61)
	at java.base/java.lang.reflect.Method.invoke(Method.java:565)
	at java.base/java.util.ArrayList.forEach(ArrayList.java:1604)
	at java.base/java.util.ArrayList.forEach(ArrayList.java:1604)

[INFO] 
[INFO] Results:
[INFO] 
[ERROR] Errors: 
[ERROR]   MatchServiceTest.testAnalyze_CorrelatedSkills:131 ╗ NullPointer Cannot invoke "String.toLowerCase()" because "skill" is null
[ERROR]   MatchServiceTest.testAnalyze_PerfectMatch:77 ╗ NullPointer Cannot invoke "String.toLowerCase()" because "skill" is null
[ERROR]   MatchServiceTest.testAnalyze_Success:61 ╗ NullPointer Cannot invoke "String.toLowerCase()" because "skill" is null
[INFO] 
[ERROR] Tests run: 8, Failures: 0, Errors: 3, Skipped: 0
[INFO] 
[INFO] ------------------------------------------------------------------------
[INFO] BUILD FAILURE
[INFO] ------------------------------------------------------------------------
[INFO] Total time:  3.096 s
[INFO] Finished at: 2025-12-30T00:17:40+05:30
[INFO] ------------------------------------------------------------------------
[ERROR] Failed to execute goal org.apache.maven.plugins:maven-surefire-plugin:3.2.5:test (default-test) on project career-compass: 
[ERROR] 
[ERROR] Please refer to D:\career_campass\target\surefire-reports for the individual test results.
[ERROR] Please refer to dump files (if any exist) [date].dump, [date]-jvmRun[N].dump and [date].dumpstream.
[ERROR] -> [Help 1]
[ERROR] 
[ERROR] To see the full stack trace of the errors, re-run Maven with the -e switch.
[ERROR] Re-run Maven using the -X switch to enable full debug logging.
[ERROR] 
[ERROR] For more information about the errors and possible solutions, please read the following articles:
[ERROR] [Help 1] http://cwiki.apache.org/confluence/display/MAVEN/MojoFailureException
